Filesystem volume name:   <none>
Last mounted on:          <not available>
Filesystem UUID:          24178d26-d8b5-4085-8fed-6ebb8f83c4dd
Filesystem magic number:  0xEF53
Filesystem revision #:    1 (dynamic)
Filesystem features:      has_journal ext_attr resize_inode dir_index filetype extent 64bit flex_bg sparse_super large_file huge_file dir_nlink extra_isize metadata_csum
Filesystem flags:         signed_directory_hash 
Default mount options:    user_xattr acl
Filesystem state:         clean
Errors behavior:          Continue
Filesystem OS type:       Linux
Inode count:              76800
Block count:              76800
Reserved block count:     3840
Free blocks:              70214
Free inodes:              76789
First block:              0
Block size:               4096
Fragment size:            4096
Group descriptor size:    64
Reserved GDT blocks:      37
Blocks per group:         32768
Fragments per group:      32768
Inodes per group:         25600
Inode blocks per group:   800
Flex block group size:    16
Filesystem created:       Fri Dec  2 03:40:30 2022
Last mount time:          n/a
Last write time:          Fri Dec  2 03:40:30 2022
Mount count:              0
Maximum mount count:      -1
Last checked:             Fri Dec  2 03:40:30 2022
Check interval:           0 (<none>)
Lifetime writes:          173 kB
Reserved blocks uid:      0 (user root)
Reserved blocks gid:      0 (group root)
First inode:              11
Inode size:	          128
Journal inode:            8
Default directory hash:   half_md4
Directory Hash Seed:      3f30631f-eae6-469a-b23a-b925a7abadd9
Journal backup:           inode blocks
Checksum type:            crc32c
Checksum:                 0x941e17dd
Journal features:         (none)
Journal size:             16M
Journal length:           4096
Journal sequence:         0x00000001
Journal start:            0

